2026-03-30 15:35:13,732 - INFO - Starting 24-hour Phase 4B run in snapshot mode
2026-03-30 15:35:13,733 - INFO - Using TestPriceWrapper (snapshot mode)
2026-03-30 15:35:13,735 - ERROR - Failed to load price snapshot: Extra data: line 5 column 1 (char 145), using deterministic fallback
2026-03-30 15:35:13,736 - ERROR - Failed to load sentiment snapshot: Extra data: line 5 column 1 (char 145)
2026-03-30 15:35:13,737 - INFO - TestPriceWrapper initialized: 2 pairs, 0 sentiment records
2026-03-30 15:35:13,737 - INFO - ✅ Price wrapper initialized
2026-03-30 15:35:13,738 - INFO - Will run for 288 cycles (5-minute cadence)
2026-03-30 15:35:13,739 - INFO - Cycle   1/288: BTC-USD=$70312.50 | XRP-USD=$  2.56
2026-03-30 15:40:13,740 - INFO - Cycle   2/288: BTC-USD=$70312.50 | XRP-USD=$  2.56
2026-03-30 15:45:13,741 - INFO - Cycle   3/288: BTC-USD=$70312.50 | XRP-USD=$  2.56
2026-03-30 15:50:13,742 - INFO - Cycle   4/288: BTC-USD=$70312.50 | XRP-USD=$  2.56
2026-03-30 15:55:13,743 - INFO - Cycle   5/288: BTC-USD=$70312.50 | XRP-USD=$  2.56
2026-03-30 16:00:13,764 - INFO - Cycle   6/288: BTC-USD=$70312.50 | XRP-USD=$  2.56
2026-03-30 16:05:13,765 - INFO - Cycle   7/288: BTC-USD=$70312.50 | XRP-USD=$  2.56
2026-03-30 16:10:13,765 - INFO - Cycle   8/288: BTC-USD=$70312.50 | XRP-USD=$  2.56
2026-03-30 16:15:13,766 - INFO - Cycle   9/288: BTC-USD=$70312.50 | XRP-USD=$  2.56
2026-03-30 16:20:13,767 - INFO - Cycle  10/288: BTC-USD=$70312.50 | XRP-USD=$  2.56
2026-03-30 16:25:13,767 - INFO - Cycle  11/288: BTC-USD=$70312.50 | XRP-USD=$  2.56
2026-03-30 16:30:13,768 - INFO - Cycle  12/288: BTC-USD=$70312.50 | XRP-USD=$  2.56
2026-03-30 16:35:13,769 - INFO - Cycle  13/288: BTC-USD=$70312.50 | XRP-USD=$  2.56
2026-03-30 16:40:13,770 - INFO - Cycle  14/288: BTC-USD=$70312.50 | XRP-USD=$  2.56
2026-03-30 16:45:13,770 - INFO - Cycle  15/288: BTC-USD=$70312.50 | XRP-USD=$  2.56
2026-03-30 16:50:13,771 - INFO - Cycle  16/288: BTC-USD=$70312.50 | XRP-USD=$  2.56
2026-03-30 16:55:13,771 - INFO - Cycle  17/288: BTC-USD=$70312.50 | XRP-USD=$  2.56
2026-03-30 17:00:13,772 - INFO - Cycle  18/288: BTC-USD=$70312.50 | XRP-USD=$  2.56
2026-03-30 17:05:13,773 - INFO - Cycle  19/288: BTC-USD=$70312.50 | XRP-USD=$  2.56
2026-03-30 17:10:13,773 - INFO - Cycle  20/288: BTC-USD=$70312.50 | XRP-USD=$  2.56
2026-03-30 17:15:13,774 - INFO - Cycle  21/288: BTC-USD=$70312.50 | XRP-USD=$  2.56
2026-03-30 17:20:13,775 - INFO - Cycle  22/288: BTC-USD=$70312.50 | XRP-USD=$  2.56
2026-03-30 17:25:13,776 - INFO - Cycle  23/288: BTC-USD=$70312.50 | XRP-USD=$  2.56
2026-03-30 17:30:13,776 - INFO - Cycle  24/288: BTC-USD=$70312.50 | XRP-USD=$  2.56
2026-03-30 17:35:13,777 - INFO - Cycle  25/288: BTC-USD=$70312.50 | XRP-USD=$  2.56
2026-03-30 17:40:13,777 - INFO - Cycle  26/288: BTC-USD=$70312.50 | XRP-USD=$  2.56
2026-03-30 17:45:13,778 - INFO - Cycle  27/288: BTC-USD=$70312.50 | XRP-USD=$  2.56
2026-03-30 17:50:13,779 - INFO - Cycle  28/288: BTC-USD=$70312.50 | XRP-USD=$  2.56
2026-03-30 17:55:13,780 - INFO - Cycle  29/288: BTC-USD=$70312.50 | XRP-USD=$  2.56
2026-03-30 18:00:13,780 - INFO - Cycle  30/288: BTC-USD=$70312.50 | XRP-USD=$  2.56
2026-03-30 18:05:13,781 - INFO - Cycle  31/288: BTC-USD=$70312.50 | XRP-USD=$  2.56
2026-03-30 18:10:13,781 - INFO - Cycle  32/288: BTC-USD=$70312.50 | XRP-USD=$  2.56
2026-03-30 18:15:13,782 - INFO - Cycle  33/288: BTC-USD=$70312.50 | XRP-USD=$  2.56
2026-03-30 18:20:13,783 - INFO - Cycle  34/288: BTC-USD=$70312.50 | XRP-USD=$  2.56
2026-03-30 18:25:13,783 - INFO - Cycle  35/288: BTC-USD=$70312.50 | XRP-USD=$  2.56
2026-03-30 18:30:13,784 - INFO - Cycle  36/288: BTC-USD=$70312.50 | XRP-USD=$  2.56
2026-03-30 18:35:13,784 - INFO - Cycle  37/288: BTC-USD=$70312.50 | XRP-USD=$  2.56
2026-03-30 18:40:13,834 - INFO - Cycle  38/288: BTC-USD=$70312.50 | XRP-USD=$  2.56
2026-03-30 18:45:13,836 - INFO - Cycle  39/288: BTC-USD=$70312.50 | XRP-USD=$  2.56
2026-03-30 18:50:13,836 - INFO - Cycle  40/288: BTC-USD=$70312.50 | XRP-USD=$  2.56
2026-03-30 18:55:13,837 - INFO - Cycle  41/288: BTC-USD=$70312.50 | XRP-USD=$  2.56
2026-03-30 19:00:13,838 - INFO - Cycle  42/288: BTC-USD=$70312.50 | XRP-USD=$  2.56
2026-03-30 19:05:13,838 - INFO - Cycle  43/288: BTC-USD=$70312.50 | XRP-USD=$  2.56
2026-03-30 19:10:13,839 - INFO - Cycle  44/288: BTC-USD=$70312.50 | XRP-USD=$  2.56
2026-03-30 19:15:13,842 - INFO - Cycle  45/288: BTC-USD=$70312.50 | XRP-USD=$  2.56
2026-03-30 19:20:13,843 - INFO - Cycle  46/288: BTC-USD=$70312.50 | XRP-USD=$  2.56
2026-03-30 19:25:13,843 - INFO - Cycle  47/288: BTC-USD=$70312.50 | XRP-USD=$  2.56
2026-03-30 19:30:13,844 - INFO - Cycle  48/288: BTC-USD=$70312.50 | XRP-USD=$  2.56
2026-03-30 19:35:13,845 - INFO - Cycle  49/288: BTC-USD=$70312.50 | XRP-USD=$  2.56
2026-03-30 19:40:13,845 - INFO - Cycle  50/288: BTC-USD=$70312.50 | XRP-USD=$  2.56
2026-03-30 19:45:13,846 - INFO - Cycle  51/288: BTC-USD=$70312.50 | XRP-USD=$  2.56
2026-03-30 19:50:13,847 - INFO - Cycle  52/288: BTC-USD=$70312.50 | XRP-USD=$  2.56
2026-03-30 19:55:13,847 - INFO - Cycle  53/288: BTC-USD=$70312.50 | XRP-USD=$  2.56
2026-03-30 20:00:13,848 - INFO - Cycle  54/288: BTC-USD=$70312.50 | XRP-USD=$  2.56
2026-03-30 20:05:13,848 - INFO - Cycle  55/288: BTC-USD=$70312.50 | XRP-USD=$  2.56
2026-03-30 20:10:13,849 - INFO - Cycle  56/288: BTC-USD=$70312.50 | XRP-USD=$  2.56
2026-03-30 20:15:13,850 - INFO - Cycle  57/288: BTC-USD=$70312.50 | XRP-USD=$  2.56
2026-03-30 20:20:13,850 - INFO - Cycle  58/288: BTC-USD=$70312.50 | XRP-USD=$  2.56
2026-03-30 20:25:13,851 - INFO - Cycle  59/288: BTC-USD=$70312.50 | XRP-USD=$  2.56
2026-03-30 20:30:13,851 - INFO - Cycle  60/288: BTC-USD=$70312.50 | XRP-USD=$  2.56
2026-03-30 20:35:13,852 - INFO - Cycle  61/288: BTC-USD=$70312.50 | XRP-USD=$  2.56
2026-03-30 20:40:13,853 - INFO - Cycle  62/288: BTC-USD=$70312.50 | XRP-USD=$  2.56
2026-03-30 20:45:13,853 - INFO - Cycle  63/288: BTC-USD=$70312.50 | XRP-USD=$  2.56
2026-03-30 20:50:13,854 - INFO - Cycle  64/288: BTC-USD=$70312.50 | XRP-USD=$  2.56
2026-03-30 20:55:13,855 - INFO - Cycle  65/288: BTC-USD=$70312.50 | XRP-USD=$  2.56
2026-03-30 21:00:13,855 - INFO - Cycle  66/288: BTC-USD=$70312.50 | XRP-USD=$  2.56
2026-03-30 21:05:13,856 - INFO - Cycle  67/288: BTC-USD=$70312.50 | XRP-USD=$  2.56
2026-03-30 21:10:13,857 - INFO - Cycle  68/288: BTC-USD=$70312.50 | XRP-USD=$  2.56
2026-03-30 21:15:13,857 - INFO - Cycle  69/288: BTC-USD=$70312.50 | XRP-USD=$  2.56
2026-03-30 21:20:13,858 - INFO - Cycle  70/288: BTC-USD=$70312.50 | XRP-USD=$  2.56
2026-03-30 21:25:13,858 - INFO - Cycle  71/288: BTC-USD=$70312.50 | XRP-USD=$  2.56
2026-03-30 21:30:13,859 - INFO - Cycle  72/288: BTC-USD=$70312.50 | XRP-USD=$  2.56
2026-03-30 21:35:13,860 - INFO - Cycle  73/288: BTC-USD=$70312.50 | XRP-USD=$  2.56
2026-03-30 21:40:13,860 - INFO - Cycle  74/288: BTC-USD=$70312.50 | XRP-USD=$  2.56
2026-03-30 21:45:13,861 - INFO - Cycle  75/288: BTC-USD=$70312.50 | XRP-USD=$  2.56
2026-03-30 21:50:13,862 - INFO - Cycle  76/288: BTC-USD=$70312.50 | XRP-USD=$  2.56
2026-03-30 21:55:13,862 - INFO - Cycle  77/288: BTC-USD=$70312.50 | XRP-USD=$  2.56
2026-03-30 22:00:13,863 - INFO - Cycle  78/288: BTC-USD=$70312.50 | XRP-USD=$  2.56
2026-03-30 22:05:13,863 - INFO - Cycle  79/288: BTC-USD=$70312.50 | XRP-USD=$  2.56
2026-03-30 22:10:13,864 - INFO - Cycle  80/288: BTC-USD=$70312.50 | XRP-USD=$  2.56
2026-03-30 22:15:13,865 - INFO - Cycle  81/288: BTC-USD=$70312.50 | XRP-USD=$  2.56
2026-03-30 22:20:13,865 - INFO - Cycle  82/288: BTC-USD=$70312.50 | XRP-USD=$  2.56
2026-03-30 22:25:13,866 - INFO - Cycle  83/288: BTC-USD=$70312.50 | XRP-USD=$  2.56
2026-03-30 22:30:13,867 - INFO - Cycle  84/288: BTC-USD=$70312.50 | XRP-USD=$  2.56
2026-03-30 22:35:13,867 - INFO - Cycle  85/288: BTC-USD=$70312.50 | XRP-USD=$  2.56
2026-03-30 22:40:13,868 - INFO - Cycle  86/288: BTC-USD=$70312.50 | XRP-USD=$  2.56
2026-03-30 22:45:13,869 - INFO - Cycle  87/288: BTC-USD=$70312.50 | XRP-USD=$  2.56
2026-03-30 22:50:13,869 - INFO - Cycle  88/288: BTC-USD=$70312.50 | XRP-USD=$  2.56
2026-03-30 22:55:13,870 - INFO - Cycle  89/288: BTC-USD=$70312.50 | XRP-USD=$  2.56
2026-03-30 23:00:13,871 - INFO - Cycle  90/288: BTC-USD=$70312.50 | XRP-USD=$  2.56
2026-03-30 23:05:13,871 - INFO - Cycle  91/288: BTC-USD=$70312.50 | XRP-USD=$  2.56
2026-03-30 23:10:13,872 - INFO - Cycle  92/288: BTC-USD=$70312.50 | XRP-USD=$  2.56
2026-03-30 23:15:13,873 - INFO - Cycle  93/288: BTC-USD=$70312.50 | XRP-USD=$  2.56
2026-03-30 23:20:13,873 - INFO - Cycle  94/288: BTC-USD=$70312.50 | XRP-USD=$  2.56
2026-03-30 23:25:13,874 - INFO - Cycle  95/288: BTC-USD=$70312.50 | XRP-USD=$  2.56
2026-03-30 23:30:13,874 - INFO - Cycle  96/288: BTC-USD=$70312.50 | XRP-USD=$  2.56
2026-03-30 23:35:13,875 - INFO - Cycle  97/288: BTC-USD=$70312.50 | XRP-USD=$  2.56
2026-03-30 23:40:13,876 - INFO - Cycle  98/288: BTC-USD=$70312.50 | XRP-USD=$  2.56
2026-03-30 23:45:13,876 - INFO - Cycle  99/288: BTC-USD=$70312.50 | XRP-USD=$  2.56
2026-03-30 23:50:13,877 - INFO - Cycle 100/288: BTC-USD=$70312.50 | XRP-USD=$  2.56
2026-03-30 23:55:13,878 - INFO - Cycle 101/288: BTC-USD=$70312.50 | XRP-USD=$  2.56
2026-03-31 00:00:13,879 - INFO - Cycle 102/288: BTC-USD=$70312.50 | XRP-USD=$  2.56
2026-03-31 00:05:13,879 - INFO - Cycle 103/288: BTC-USD=$70312.50 | XRP-USD=$  2.56
2026-03-31 00:10:13,880 - INFO - Cycle 104/288: BTC-USD=$70312.50 | XRP-USD=$  2.56
2026-03-31 00:15:13,881 - INFO - Cycle 105/288: BTC-USD=$70312.50 | XRP-USD=$  2.56
2026-03-31 00:20:13,881 - INFO - Cycle 106/288: BTC-USD=$70312.50 | XRP-USD=$  2.56
2026-03-31 00:25:13,882 - INFO - Cycle 107/288: BTC-USD=$70312.50 | XRP-USD=$  2.56
2026-03-31 00:30:13,883 - INFO - Cycle 108/288: BTC-USD=$70312.50 | XRP-USD=$  2.56
2026-03-31 00:35:13,883 - INFO - Cycle 109/288: BTC-USD=$70312.50 | XRP-USD=$  2.56
2026-03-31 00:40:13,884 - INFO - Cycle 110/288: BTC-USD=$70312.50 | XRP-USD=$  2.56
2026-03-31 00:45:13,885 - INFO - Cycle 111/288: BTC-USD=$70312.50 | XRP-USD=$  2.56
2026-03-31 00:50:13,885 - INFO - Cycle 112/288: BTC-USD=$70312.50 | XRP-USD=$  2.56
2026-03-31 00:55:13,887 - INFO - Cycle 113/288: BTC-USD=$70312.50 | XRP-USD=$  2.56
2026-03-31 01:00:13,887 - INFO - Cycle 114/288: BTC-USD=$70312.50 | XRP-USD=$  2.56
2026-03-31 01:05:13,888 - INFO - Cycle 115/288: BTC-USD=$70312.50 | XRP-USD=$  2.56
2026-03-31 01:10:13,910 - INFO - Cycle 116/288: BTC-USD=$70312.50 | XRP-USD=$  2.56
2026-03-31 01:15:13,910 - INFO - Cycle 117/288: BTC-USD=$70312.50 | XRP-USD=$  2.56
2026-03-31 01:20:13,920 - INFO - Cycle 118/288: BTC-USD=$70312.50 | XRP-USD=$  2.56
2026-03-31 01:25:13,921 - INFO - Cycle 119/288: BTC-USD=$70312.50 | XRP-USD=$  2.56
2026-03-31 01:30:13,921 - INFO - Cycle 120/288: BTC-USD=$70312.50 | XRP-USD=$  2.56
2026-03-31 01:35:13,922 - INFO - Cycle 121/288: BTC-USD=$70312.50 | XRP-USD=$  2.56
2026-03-31 01:40:13,923 - INFO - Cycle 122/288: BTC-USD=$70312.50 | XRP-USD=$  2.56
2026-03-31 01:45:13,923 - INFO - Cycle 123/288: BTC-USD=$70312.50 | XRP-USD=$  2.56
2026-03-31 01:50:13,924 - INFO - Cycle 124/288: BTC-USD=$70312.50 | XRP-USD=$  2.56
2026-03-31 01:55:13,924 - INFO - Cycle 125/288: BTC-USD=$70312.50 | XRP-USD=$  2.56
2026-03-31 02:00:13,925 - INFO - Cycle 126/288: BTC-USD=$70312.50 | XRP-USD=$  2.56
2026-03-31 02:05:13,926 - INFO - Cycle 127/288: BTC-USD=$70312.50 | XRP-USD=$  2.56
2026-03-31 02:10:13,926 - INFO - Cycle 128/288: BTC-USD=$70312.50 | XRP-USD=$  2.56
2026-03-31 02:15:13,927 - INFO - Cycle 129/288: BTC-USD=$70312.50 | XRP-USD=$  2.56
2026-03-31 02:20:13,928 - INFO - Cycle 130/288: BTC-USD=$70312.50 | XRP-USD=$  2.56
2026-03-31 02:25:13,928 - INFO - Cycle 131/288: BTC-USD=$70312.50 | XRP-USD=$  2.56
2026-03-31 02:30:13,929 - INFO - Cycle 132/288: BTC-USD=$70312.50 | XRP-USD=$  2.56
2026-03-31 02:35:13,929 - INFO - Cycle 133/288: BTC-USD=$70312.50 | XRP-USD=$  2.56
2026-03-31 02:40:13,930 - INFO - Cycle 134/288: BTC-USD=$70312.50 | XRP-USD=$  2.56
2026-03-31 02:45:13,931 - INFO - Cycle 135/288: BTC-USD=$70312.50 | XRP-USD=$  2.56
2026-03-31 02:50:13,931 - INFO - Cycle 136/288: BTC-USD=$70312.50 | XRP-USD=$  2.56
2026-03-31 02:55:13,932 - INFO - Cycle 137/288: BTC-USD=$70312.50 | XRP-USD=$  2.56
2026-03-31 03:00:13,932 - INFO - Cycle 138/288: BTC-USD=$70312.50 | XRP-USD=$  2.56
2026-03-31 03:05:13,933 - INFO - Cycle 139/288: BTC-USD=$70312.50 | XRP-USD=$  2.56
2026-03-31 03:10:13,934 - INFO - Cycle 140/288: BTC-USD=$70312.50 | XRP-USD=$  2.56
2026-03-31 03:15:13,934 - INFO - Cycle 141/288: BTC-USD=$70312.50 | XRP-USD=$  2.56
2026-03-31 03:20:13,935 - INFO - Cycle 142/288: BTC-USD=$70312.50 | XRP-USD=$  2.56
2026-03-31 03:25:13,936 - INFO - Cycle 143/288: BTC-USD=$70312.50 | XRP-USD=$  2.56
2026-03-31 03:30:13,936 - INFO - Cycle 144/288: BTC-USD=$70312.50 | XRP-USD=$  2.56
2026-03-31 03:35:13,937 - INFO - Cycle 145/288: BTC-USD=$70312.50 | XRP-USD=$  2.56
2026-03-31 03:40:13,938 - INFO - Cycle 146/288: BTC-USD=$70312.50 | XRP-USD=$  2.56
2026-03-31 03:45:13,938 - INFO - Cycle 147/288: BTC-USD=$70312.50 | XRP-USD=$  2.56
2026-03-31 03:50:13,939 - INFO - Cycle 148/288: BTC-USD=$70312.50 | XRP-USD=$  2.56
2026-03-31 03:55:13,940 - INFO - Cycle 149/288: BTC-USD=$70312.50 | XRP-USD=$  2.56
2026-03-31 04:00:13,940 - INFO - Cycle 150/288: BTC-USD=$70312.50 | XRP-USD=$  2.56
2026-03-31 04:05:13,941 - INFO - Cycle 151/288: BTC-USD=$70312.50 | XRP-USD=$  2.56
2026-03-31 04:10:13,942 - INFO - Cycle 152/288: BTC-USD=$70312.50 | XRP-USD=$  2.56
2026-03-31 04:15:13,942 - INFO - Cycle 153/288: BTC-USD=$70312.50 | XRP-USD=$  2.56
2026-03-31 04:20:13,943 - INFO - Cycle 154/288: BTC-USD=$70312.50 | XRP-USD=$  2.56
2026-03-31 04:25:13,944 - INFO - Cycle 155/288: BTC-USD=$70312.50 | XRP-USD=$  2.56
2026-03-31 04:30:13,945 - INFO - Cycle 156/288: BTC-USD=$70312.50 | XRP-USD=$  2.56
2026-03-31 04:35:13,945 - INFO - Cycle 157/288: BTC-USD=$70312.50 | XRP-USD=$  2.56
2026-03-31 04:40:13,946 - INFO - Cycle 158/288: BTC-USD=$70312.50 | XRP-USD=$  2.56
2026-03-31 04:45:13,964 - INFO - Cycle 159/288: BTC-USD=$70312.50 | XRP-USD=$  2.56
2026-03-31 04:50:13,996 - INFO - Cycle 160/288: BTC-USD=$70312.50 | XRP-USD=$  2.56
2026-03-31 04:55:13,997 - INFO - Cycle 161/288: BTC-USD=$70312.50 | XRP-USD=$  2.56
2026-03-31 05:00:14,019 - INFO - Cycle 162/288: BTC-USD=$70312.50 | XRP-USD=$  2.56
2026-03-31 05:05:14,020 - INFO - Cycle 163/288: BTC-USD=$70312.50 | XRP-USD=$  2.56
2026-03-31 05:10:14,020 - INFO - Cycle 164/288: BTC-USD=$70312.50 | XRP-USD=$  2.56
2026-03-31 05:15:14,021 - INFO - Cycle 165/288: BTC-USD=$70312.50 | XRP-USD=$  2.56
2026-03-31 05:20:14,022 - INFO - Cycle 166/288: BTC-USD=$70312.50 | XRP-USD=$  2.56
2026-03-31 05:25:14,022 - INFO - Cycle 167/288: BTC-USD=$70312.50 | XRP-USD=$  2.56
2026-03-31 05:30:14,023 - INFO - Cycle 168/288: BTC-USD=$70312.50 | XRP-USD=$  2.56
2026-03-31 05:35:14,024 - INFO - Cycle 169/288: BTC-USD=$70312.50 | XRP-USD=$  2.56
2026-03-31 05:40:14,024 - INFO - Cycle 170/288: BTC-USD=$70312.50 | XRP-USD=$  2.56
2026-03-31 05:45:14,025 - INFO - Cycle 171/288: BTC-USD=$70312.50 | XRP-USD=$  2.56
2026-03-31 05:50:14,025 - INFO - Cycle 172/288: BTC-USD=$70312.50 | XRP-USD=$  2.56
2026-03-31 05:55:14,026 - INFO - Cycle 173/288: BTC-USD=$70312.50 | XRP-USD=$  2.56
2026-03-31 06:00:14,027 - INFO - Cycle 174/288: BTC-USD=$70312.50 | XRP-USD=$  2.56
2026-03-31 06:05:14,027 - INFO - Cycle 175/288: BTC-USD=$70312.50 | XRP-USD=$  2.56
2026-03-31 06:10:14,052 - INFO - Cycle 176/288: BTC-USD=$70312.50 | XRP-USD=$  2.56
2026-03-31 06:15:14,053 - INFO - Cycle 177/288: BTC-USD=$70312.50 | XRP-USD=$  2.56
2026-03-31 06:20:14,054 - INFO - Cycle 178/288: BTC-USD=$70312.50 | XRP-USD=$  2.56
2026-03-31 06:25:14,054 - INFO - Cycle 179/288: BTC-USD=$70312.50 | XRP-USD=$  2.56
2026-03-31 06:30:14,055 - INFO - Cycle 180/288: BTC-USD=$70312.50 | XRP-USD=$  2.56
2026-03-31 06:35:14,055 - INFO - Cycle 181/288: BTC-USD=$70312.50 | XRP-USD=$  2.56
2026-03-31 06:40:14,061 - INFO - Cycle 182/288: BTC-USD=$70312.50 | XRP-USD=$  2.56
2026-03-31 06:45:14,062 - INFO - Cycle 183/288: BTC-USD=$70312.50 | XRP-USD=$  2.56
2026-03-31 06:50:14,063 - INFO - Cycle 184/288: BTC-USD=$70312.50 | XRP-USD=$  2.56
2026-03-31 06:55:14,063 - INFO - Cycle 185/288: BTC-USD=$70312.50 | XRP-USD=$  2.56
2026-03-31 07:00:14,064 - INFO - Cycle 186/288: BTC-USD=$70312.50 | XRP-USD=$  2.56
2026-03-31 07:05:14,065 - INFO - Cycle 187/288: BTC-USD=$70312.50 | XRP-USD=$  2.56
2026-03-31 07:10:14,080 - INFO - Cycle 188/288: BTC-USD=$70312.50 | XRP-USD=$  2.56
2026-03-31 07:15:14,081 - INFO - Cycle 189/288: BTC-USD=$70312.50 | XRP-USD=$  2.56
2026-03-31 07:20:14,082 - INFO - Cycle 190/288: BTC-USD=$70312.50 | XRP-USD=$  2.56
2026-03-31 07:25:14,082 - INFO - Cycle 191/288: BTC-USD=$70312.50 | XRP-USD=$  2.56
2026-03-31 07:30:14,083 - INFO - Cycle 192/288: BTC-USD=$70312.50 | XRP-USD=$  2.56
2026-03-31 07:35:14,084 - INFO - Cycle 193/288: BTC-USD=$70312.50 | XRP-USD=$  2.56
2026-03-31 07:40:14,084 - INFO - Cycle 194/288: BTC-USD=$70312.50 | XRP-USD=$  2.56
2026-03-31 07:45:14,103 - INFO - Cycle 195/288: BTC-USD=$70312.50 | XRP-USD=$  2.56
2026-03-31 07:50:14,104 - INFO - Cycle 196/288: BTC-USD=$70312.50 | XRP-USD=$  2.56
2026-03-31 07:55:14,104 - INFO - Cycle 197/288: BTC-USD=$70312.50 | XRP-USD=$  2.56
2026-03-31 08:00:14,105 - INFO - Cycle 198/288: BTC-USD=$70312.50 | XRP-USD=$  2.56
2026-03-31 08:05:14,106 - INFO - Cycle 199/288: BTC-USD=$70312.50 | XRP-USD=$  2.56
2026-03-31 08:10:14,106 - INFO - Cycle 200/288: BTC-USD=$70312.50 | XRP-USD=$  2.56
2026-03-31 08:15:14,107 - INFO - Cycle 201/288: BTC-USD=$70312.50 | XRP-USD=$  2.56
2026-03-31 08:20:14,108 - INFO - Cycle 202/288: BTC-USD=$70312.50 | XRP-USD=$  2.56
2026-03-31 08:25:14,108 - INFO - Cycle 203/288: BTC-USD=$70312.50 | XRP-USD=$  2.56
2026-03-31 08:30:14,109 - INFO - Cycle 204/288: BTC-USD=$70312.50 | XRP-USD=$  2.56
2026-03-31 08:35:14,109 - INFO - Cycle 205/288: BTC-USD=$70312.50 | XRP-USD=$  2.56
2026-03-31 08:40:14,110 - INFO - Cycle 206/288: BTC-USD=$70312.50 | XRP-USD=$  2.56
2026-03-31 08:45:14,111 - INFO - Cycle 207/288: BTC-USD=$70312.50 | XRP-USD=$  2.56
2026-03-31 08:50:14,111 - INFO - Cycle 208/288: BTC-USD=$70312.50 | XRP-USD=$  2.56
2026-03-31 08:55:14,112 - INFO - Cycle 209/288: BTC-USD=$70312.50 | XRP-USD=$  2.56
2026-03-31 09:00:14,113 - INFO - Cycle 210/288: BTC-USD=$70312.50 | XRP-USD=$  2.56
2026-03-31 09:05:14,113 - INFO - Cycle 211/288: BTC-USD=$70312.50 | XRP-USD=$  2.56
2026-03-31 09:10:14,114 - INFO - Cycle 212/288: BTC-USD=$70312.50 | XRP-USD=$  2.56
2026-03-31 09:15:14,132 - INFO - Cycle 213/288: BTC-USD=$70312.50 | XRP-USD=$  2.56
2026-03-31 09:20:14,153 - INFO - Cycle 214/288: BTC-USD=$70312.50 | XRP-USD=$  2.56
2026-03-31 09:25:14,207 - INFO - Cycle 215/288: BTC-USD=$70312.50 | XRP-USD=$  2.56
2026-03-31 09:30:14,227 - INFO - Cycle 216/288: BTC-USD=$70312.50 | XRP-USD=$  2.56
2026-03-31 09:35:14,248 - INFO - Cycle 217/288: BTC-USD=$70312.50 | XRP-USD=$  2.56
2026-03-31 09:40:14,527 - INFO - Cycle 218/288: BTC-USD=$70312.50 | XRP-USD=$  2.56
2026-03-31 09:45:14,527 - INFO - Cycle 219/288: BTC-USD=$70312.50 | XRP-USD=$  2.56
2026-03-31 09:50:14,530 - INFO - Cycle 220/288: BTC-USD=$70312.50 | XRP-USD=$  2.56
2026-03-31 09:55:14,530 - INFO - Cycle 221/288: BTC-USD=$70312.50 | XRP-USD=$  2.56
2026-03-31 10:00:14,531 - INFO - Cycle 222/288: BTC-USD=$70312.50 | XRP-USD=$  2.56
2026-03-31 10:05:14,533 - INFO - Cycle 223/288: BTC-USD=$70312.50 | XRP-USD=$  2.56
2026-03-31 10:10:14,533 - INFO - Cycle 224/288: BTC-USD=$70312.50 | XRP-USD=$  2.56
2026-03-31 10:15:14,587 - INFO - Cycle 225/288: BTC-USD=$70312.50 | XRP-USD=$  2.56
2026-03-31 10:20:14,632 - INFO - Cycle 226/288: BTC-USD=$70312.50 | XRP-USD=$  2.56
2026-03-31 10:25:14,633 - INFO - Cycle 227/288: BTC-USD=$70312.50 | XRP-USD=$  2.56
2026-03-31 10:30:14,671 - INFO - Cycle 228/288: BTC-USD=$70312.50 | XRP-USD=$  2.56
2026-03-31 10:35:14,698 - INFO - Cycle 229/288: BTC-USD=$70312.50 | XRP-USD=$  2.56
2026-03-31 10:40:14,699 - INFO - Cycle 230/288: BTC-USD=$70312.50 | XRP-USD=$  2.56
2026-03-31 10:45:14,730 - INFO - Cycle 231/288: BTC-USD=$70312.50 | XRP-USD=$  2.56
2026-03-31 10:50:14,733 - INFO - Cycle 232/288: BTC-USD=$70312.50 | XRP-USD=$  2.56
2026-03-31 10:55:14,733 - INFO - Cycle 233/288: BTC-USD=$70312.50 | XRP-USD=$  2.56
2026-03-31 11:00:14,761 - INFO - Cycle 234/288: BTC-USD=$70312.50 | XRP-USD=$  2.56
2026-03-31 11:05:14,762 - INFO - Cycle 235/288: BTC-USD=$70312.50 | XRP-USD=$  2.56
2026-03-31 11:10:14,762 - INFO - Cycle 236/288: BTC-USD=$70312.50 | XRP-USD=$  2.56
2026-03-31 11:15:14,763 - INFO - Cycle 237/288: BTC-USD=$70312.50 | XRP-USD=$  2.56
2026-03-31 11:20:14,795 - INFO - Cycle 238/288: BTC-USD=$70312.50 | XRP-USD=$  2.56
2026-03-31 11:25:14,815 - INFO - Cycle 239/288: BTC-USD=$70312.50 | XRP-USD=$  2.56
2026-03-31 11:30:14,816 - INFO - Cycle 240/288: BTC-USD=$70312.50 | XRP-USD=$  2.56
2026-03-31 11:35:14,817 - INFO - Cycle 241/288: BTC-USD=$70312.50 | XRP-USD=$  2.56
2026-03-31 11:40:14,817 - INFO - Cycle 242/288: BTC-USD=$70312.50 | XRP-USD=$  2.56
2026-03-31 11:45:14,818 - INFO - Cycle 243/288: BTC-USD=$70312.50 | XRP-USD=$  2.56
2026-03-31 11:50:14,843 - INFO - Cycle 244/288: BTC-USD=$70312.50 | XRP-USD=$  2.56
2026-03-31 11:55:14,844 - INFO - Cycle 245/288: BTC-USD=$70312.50 | XRP-USD=$  2.56
2026-03-31 12:00:14,844 - INFO - Cycle 246/288: BTC-USD=$70312.50 | XRP-USD=$  2.56
2026-03-31 12:05:14,845 - INFO - Cycle 247/288: BTC-USD=$70312.50 | XRP-USD=$  2.56
2026-03-31 12:10:14,846 - INFO - Cycle 248/288: BTC-USD=$70312.50 | XRP-USD=$  2.56
2026-03-31 12:15:14,868 - INFO - Cycle 249/288: BTC-USD=$70312.50 | XRP-USD=$  2.56
2026-03-31 12:20:14,879 - INFO - Cycle 250/288: BTC-USD=$70312.50 | XRP-USD=$  2.56
2026-03-31 12:25:14,891 - INFO - Cycle 251/288: BTC-USD=$70312.50 | XRP-USD=$  2.56
2026-03-31 12:30:14,911 - INFO - Cycle 252/288: BTC-USD=$70312.50 | XRP-USD=$  2.56
2026-03-31 12:35:14,912 - INFO - Cycle 253/288: BTC-USD=$70312.50 | XRP-USD=$  2.56
2026-03-31 12:40:14,928 - INFO - Cycle 254/288: BTC-USD=$70312.50 | XRP-USD=$  2.56
2026-03-31 12:45:14,940 - INFO - Cycle 255/288: BTC-USD=$70312.50 | XRP-USD=$  2.56
2026-03-31 12:50:14,941 - INFO - Cycle 256/288: BTC-USD=$70312.50 | XRP-USD=$  2.56
2026-03-31 12:55:14,948 - INFO - Cycle 257/288: BTC-USD=$70312.50 | XRP-USD=$  2.56
2026-03-31 13:00:14,969 - INFO - Cycle 258/288: BTC-USD=$70312.50 | XRP-USD=$  2.56
2026-03-31 13:05:14,981 - INFO - Cycle 259/288: BTC-USD=$70312.50 | XRP-USD=$  2.56
2026-03-31 13:10:14,994 - INFO - Cycle 260/288: BTC-USD=$70312.50 | XRP-USD=$  2.56
2026-03-31 13:15:14,995 - INFO - Cycle 261/288: BTC-USD=$70312.50 | XRP-USD=$  2.56
2026-03-31 13:20:14,995 - INFO - Cycle 262/288: BTC-USD=$70312.50 | XRP-USD=$  2.56
2026-03-31 13:25:15,008 - INFO - Cycle 263/288: BTC-USD=$70312.50 | XRP-USD=$  2.56
2026-03-31 13:30:15,009 - INFO - Cycle 264/288: BTC-USD=$70312.50 | XRP-USD=$  2.56
2026-03-31 13:35:15,009 - INFO - Cycle 265/288: BTC-USD=$70312.50 | XRP-USD=$  2.56
2026-03-31 13:40:15,010 - INFO - Cycle 266/288: BTC-USD=$70312.50 | XRP-USD=$  2.56
2026-03-31 13:45:15,025 - INFO - Cycle 267/288: BTC-USD=$70312.50 | XRP-USD=$  2.56
2026-03-31 13:50:15,026 - INFO - Cycle 268/288: BTC-USD=$70312.50 | XRP-USD=$  2.56
2026-03-31 13:55:15,027 - INFO - Cycle 269/288: BTC-USD=$70312.50 | XRP-USD=$  2.56
2026-03-31 14:00:15,028 - INFO - Cycle 270/288: BTC-USD=$70312.50 | XRP-USD=$  2.56
2026-03-31 14:05:15,053 - INFO - Cycle 271/288: BTC-USD=$70312.50 | XRP-USD=$  2.56
2026-03-31 14:10:15,054 - INFO - Cycle 272/288: BTC-USD=$70312.50 | XRP-USD=$  2.56
2026-03-31 14:15:15,054 - INFO - Cycle 273/288: BTC-USD=$70312.50 | XRP-USD=$  2.56
2026-03-31 14:20:15,055 - INFO - Cycle 274/288: BTC-USD=$70312.50 | XRP-USD=$  2.56
2026-03-31 14:25:15,056 - INFO - Cycle 275/288: BTC-USD=$70312.50 | XRP-USD=$  2.56
2026-03-31 14:30:15,056 - INFO - Cycle 276/288: BTC-USD=$70312.50 | XRP-USD=$  2.56
2026-03-31 14:35:15,081 - INFO - Cycle 277/288: BTC-USD=$70312.50 | XRP-USD=$  2.56
2026-03-31 14:40:15,081 - INFO - Cycle 278/288: BTC-USD=$70312.50 | XRP-USD=$  2.56
2026-03-31 14:45:15,082 - INFO - Cycle 279/288: BTC-USD=$70312.50 | XRP-USD=$  2.56
2026-03-31 14:50:15,083 - INFO - Cycle 280/288: BTC-USD=$70312.50 | XRP-USD=$  2.56
2026-03-31 14:55:15,083 - INFO - Cycle 281/288: BTC-USD=$70312.50 | XRP-USD=$  2.56
2026-03-31 15:00:15,084 - INFO - Cycle 282/288: BTC-USD=$70312.50 | XRP-USD=$  2.56
2026-03-31 15:05:15,116 - INFO - Cycle 283/288: BTC-USD=$70312.50 | XRP-USD=$  2.56
2026-03-31 15:10:15,116 - INFO - Cycle 284/288: BTC-USD=$70312.50 | XRP-USD=$  2.56
2026-03-31 15:15:15,121 - INFO - Cycle 285/288: BTC-USD=$70312.50 | XRP-USD=$  2.56
2026-03-31 15:20:15,122 - INFO - Cycle 286/288: BTC-USD=$70312.50 | XRP-USD=$  2.56
2026-03-31 15:25:15,123 - INFO - Cycle 287/288: BTC-USD=$70312.50 | XRP-USD=$  2.56
2026-03-31 15:30:15,123 - INFO - Cycle 288/288: BTC-USD=$70312.50 | XRP-USD=$  2.56
2026-03-31 15:30:15,146 - INFO - 
======================================================================
2026-03-31 15:30:15,150 - INFO - 24-HOUR RUN COMPLETE
2026-03-31 15:30:15,150 - INFO - ======================================================================
2026-03-31 15:30:15,150 - INFO - Cycles completed: 288/288
2026-03-31 15:30:15,150 - INFO - Price fetch success: 288
2026-03-31 15:30:15,150 - INFO - Price fetch errors: 0
2026-03-31 15:30:15,154 - INFO - Success rate: 100.0%
2026-03-31 15:30:15,177 - INFO - Log files: phase4b_run_logs/run_24h.log + phase4b_run_logs/run_24h.jsonl
2026-03-31 15:30:15,177 - INFO - ======================================================================
